// Jest Snapshot v1, https://goo.gl/fbAQLP

exports[`Skeleton render 1`] = `
[
  <style
    dangerouslySetInnerHTML={
      {
        "__html": ".css-8atqhb{width:100%;}",
      }
    }
    data-emotion="css 8atqhb"
  />,
  <div
    className="MuiBox-root css-8atqhb"
  >
    Skeleton
  </div>,
]
`;
