// Jest Snapshot v1, https://goo.gl/fbAQLP

exports[`Recovery render 1`] = `
<div
  className="MuiBox-root MuiBox-root-1"
>
  <div
    className="MuiBox-root MuiBox-root-2"
  >
    <h5
      className="MuiTypography-root MuiTypography-h4 MuiTypography-colorPrimary MuiTypography-gutterBottom"
    >
      Recovery
    </h5>
  </div>
  <div
    className="MuiBox-root MuiBox-root-3"
  >
    <div
      className="MuiFormControl-root MuiFormControl-fullWidth"
    >
      <div
        className="MuiFormControl-root MuiTextField-root"
      >
        <label
          className="MuiFormLabel-root MuiFormLabel-colorSecondary MuiInputLabel-root MuiInputLabel-formControl MuiInputLabel-animated Mui-error Mui-error"
          data-shrink={false}
        >
          email
        </label>
        <div
          className="MuiInputBase-root MuiInput-root MuiInput-underline MuiInputBase-colorSecondary MuiInput-colorSecondary Mui-error Mui-error MuiInputBase-formControl MuiInput-formControl"
          onClick={[Function]}
        >
          <input
            aria-invalid={true}
            autoFocus={false}
            className="MuiInputBase-input MuiInput-input"
            disabled={false}
            onAnimationStart={[Function]}
            onBlur={[Function]}
            onChange={[Function]}
            onFocus={[Function]}
            required={false}
            type="email"
          />
        </div>
        
      </div>
    </div>
  </div>
  <div
    className="MuiBox-root MuiBox-root-4"
  >
    <div
      className="MuiBox-root MuiBox-root-5"
    >
      <button
        className="MuiButtonBase-root MuiButton-root MuiButton-outlined MuiButton-outlinedPrimary"
        disabled={false}
        onBlur={[Function]}
        onClick={[Function]}
        onDragLeave={[Function]}
        onFocus={[Function]}
        onKeyDown={[Function]}
        onKeyUp={[Function]}
        onMouseDown={[Function]}
        onMouseLeave={[Function]}
        onMouseUp={[Function]}
        onTouchEnd={[Function]}
        onTouchMove={[Function]}
        onTouchStart={[Function]}
        tabIndex={0}
        type="button"
      >
        <span
          className="MuiButton-label"
        >
          cancel
        </span>
      </button>
    </div>
    <div
      className="MuiBox-root MuiBox-root-6"
    >
      <button
        className="MuiButtonBase-root MuiButton-root MuiButton-outlined MuiButton-outlinedPrimary Mui-disabled Mui-disabled"
        disabled={true}
        onBlur={[Function]}
        onClick={[Function]}
        onDragLeave={[Function]}
        onFocus={[Function]}
        onKeyDown={[Function]}
        onKeyUp={[Function]}
        onMouseDown={[Function]}
        onMouseLeave={[Function]}
        onMouseUp={[Function]}
        onTouchEnd={[Function]}
        onTouchMove={[Function]}
        onTouchStart={[Function]}
        tabIndex={-1}
        type="button"
      >
        <span
          className="MuiButton-label"
        >
          Recovery
        </span>
      </button>
    </div>
  </div>
</div>
`;
