// Jest Snapshot v1, https://goo.gl/fbAQLP

exports[`Signing render 1`] = `
<div
  className="MuiBox-root MuiBox-root-1"
>
  <div
    className="MuiBox-root MuiBox-root-2"
  >
    <h5
      className="MuiTypography-root MuiTypography-h4 MuiTypography-colorPrimary MuiTypography-gutterBottom"
    >
      Welcome
    </h5>
  </div>
  <div
    className="MuiBox-root MuiBox-root-3"
  >
    <div
      className="MuiBox-root MuiBox-root-4"
    >
      <div
        className="MuiFormControl-root MuiFormControl-fullWidth"
      >
        <div
          className="MuiFormControl-root MuiTextField-root"
        >
          <label
            className="MuiFormLabel-root MuiFormLabel-colorSecondary MuiInputLabel-root MuiInputLabel-formControl MuiInputLabel-animated Mui-error Mui-error"
            data-shrink={false}
            htmlFor="email"
            id="email-label"
          >
            Email
          </label>
          <div
            className="MuiInputBase-root MuiInput-root MuiInput-underline MuiInputBase-colorSecondary MuiInput-colorSecondary Mui-error Mui-error MuiInputBase-formControl MuiInput-formControl"
            onClick={[Function]}
          >
            <input
              aria-invalid={true}
              autoFocus={false}
              className="MuiInputBase-input MuiInput-input"
              disabled={false}
              id="email"
              onAnimationStart={[Function]}
              onBlur={[Function]}
              onChange={[Function]}
              onFocus={[Function]}
              required={false}
              type="email"
            />
          </div>
          
        </div>
      </div>
    </div>
    <div
      className="MuiBox-root MuiBox-root-5"
    >
      <div
        className="MuiFormControl-root MuiFormControl-fullWidth"
      >
        <div
          className="MuiFormControl-root MuiTextField-root"
        >
          <label
            className="MuiFormLabel-root MuiFormLabel-colorSecondary MuiInputLabel-root MuiInputLabel-formControl MuiInputLabel-animated Mui-error Mui-error"
            data-shrink={false}
            htmlFor="password"
            id="password-label"
          >
            Password
          </label>
          <div
            className="MuiInputBase-root MuiInput-root MuiInput-underline MuiInputBase-colorSecondary MuiInput-colorSecondary Mui-error Mui-error MuiInputBase-formControl MuiInput-formControl"
            onClick={[Function]}
          >
            <input
              aria-invalid={true}
              autoFocus={false}
              className="MuiInputBase-input MuiInput-input"
              disabled={false}
              id="password"
              onAnimationStart={[Function]}
              onBlur={[Function]}
              onChange={[Function]}
              onFocus={[Function]}
              required={false}
              type="password"
            />
          </div>
          
        </div>
      </div>
    </div>
    <div
      className="MuiBox-root MuiBox-root-6"
    >
      <a
        className="MuiTypography-root MuiLink-root MuiLink-underlineHover MuiTypography-colorSecondary"
        onBlur={[Function]}
        onFocus={[Function]}
      >
        <span
          className="MuiTypography-root MuiTypography-caption"
        >
          forgot password?
        </span>
      </a>
    </div>
    <div
      className="MuiBox-root MuiBox-root-7"
    >
      <button
        className="MuiButtonBase-root MuiButton-root MuiButton-outlined MuiButton-outlinedPrimary Mui-disabled Mui-disabled"
        disabled={true}
        onBlur={[Function]}
        onClick={[Function]}
        onDragLeave={[Function]}
        onFocus={[Function]}
        onKeyDown={[Function]}
        onKeyUp={[Function]}
        onMouseDown={[Function]}
        onMouseLeave={[Function]}
        onMouseUp={[Function]}
        onTouchEnd={[Function]}
        onTouchMove={[Function]}
        onTouchStart={[Function]}
        tabIndex={-1}
        type="button"
      >
        <span
          className="MuiButton-label"
        >
          login
        </span>
      </button>
    </div>
  </div>
</div>
`;
